\BOOKMARK [0][-]{chapter.1}{\376\377\0001\000\040\000V\000e\000r\000z\000e\000i\000c\000h\000n\000i\000s\000\040\000d\000e\000r\000\040\000N\000a\000m\000e\000n\000s\000b\000e\000r\000e\000i\000c\000h\000e}{}% 1
\BOOKMARK [1][-]{section.1.1}{\376\377\0001\000.\0001\000\040\000L\000i\000s\000t\000e\000\040\000a\000l\000l\000e\000r\000\040\000N\000a\000m\000e\000n\000s\000b\000e\000r\000e\000i\000c\000h\000e}{chapter.1}% 2
\BOOKMARK [0][-]{chapter.2}{\376\377\0002\000\040\000K\000l\000a\000s\000s\000e\000n\000-\000V\000e\000r\000z\000e\000i\000c\000h\000n\000i\000s}{}% 3
\BOOKMARK [1][-]{section.2.1}{\376\377\0002\000.\0001\000\040\000A\000u\000f\000l\000i\000s\000t\000u\000n\000g\000\040\000d\000e\000r\000\040\000K\000l\000a\000s\000s\000e\000n}{chapter.2}% 4
\BOOKMARK [0][-]{chapter.3}{\376\377\0003\000\040\000D\000a\000t\000e\000i\000-\000V\000e\000r\000z\000e\000i\000c\000h\000n\000i\000s}{}% 5
\BOOKMARK [1][-]{section.3.1}{\376\377\0003\000.\0001\000\040\000A\000u\000f\000l\000i\000s\000t\000u\000n\000g\000\040\000d\000e\000r\000\040\000D\000a\000t\000e\000i\000e\000n}{chapter.3}% 6
\BOOKMARK [0][-]{chapter.4}{\376\377\0004\000\040\000D\000o\000k\000u\000m\000e\000n\000t\000a\000t\000i\000o\000n\000\040\000d\000e\000r\000\040\000N\000a\000m\000e\000n\000s\000b\000e\000r\000e\000i\000c\000h\000e}{}% 7
\BOOKMARK [1][-]{section.4.1}{\376\377\0004\000.\0001\000\040\000L\000o\000g\000g\000e\000r\000-\000N\000a\000m\000e\000n\000s\000b\000e\000r\000e\000i\000c\000h\000s\000r\000e\000f\000e\000r\000e\000n\000z}{chapter.4}% 8
\BOOKMARK [2][-]{subsection.4.1.1}{\376\377\0004\000.\0001\000.\0001\000\040\000D\000o\000k\000u\000m\000e\000n\000t\000a\000t\000i\000o\000n\000\040\000d\000e\000r\000\040\000F\000u\000n\000k\000t\000i\000o\000n\000e\000n}{section.4.1}% 9
\BOOKMARK [3][-]{subsubsection.4.1.1.1}{\376\377\0004\000.\0001\000.\0001\000.\0001\000\040\000e\000n\000c\000o\000d\000e\000\050\000\051}{subsection.4.1.1}% 10
\BOOKMARK [3][-]{subsubsection.4.1.1.2}{\376\377\0004\000.\0001\000.\0001\000.\0002\000\040\000I\000n\000c\000o\000m\000i\000n\000g\000\050\000\051}{subsection.4.1.1}% 11
\BOOKMARK [3][-]{subsubsection.4.1.1.3}{\376\377\0004\000.\0001\000.\0001\000.\0003\000\040\000l\000o\000g\000\050\000\051\000\040\000[\0001\000/\0008\000]}{subsection.4.1.1}% 12
\BOOKMARK [3][-]{subsubsection.4.1.1.4}{\376\377\0004\000.\0001\000.\0001\000.\0004\000\040\000l\000o\000g\000\050\000\051\000\040\000[\0002\000/\0008\000]}{subsection.4.1.1}% 13
\BOOKMARK [3][-]{subsubsection.4.1.1.5}{\376\377\0004\000.\0001\000.\0001\000.\0005\000\040\000l\000o\000g\000\050\000\051\000\040\000[\0003\000/\0008\000]}{subsection.4.1.1}% 14
\BOOKMARK [3][-]{subsubsection.4.1.1.6}{\376\377\0004\000.\0001\000.\0001\000.\0006\000\040\000l\000o\000g\000\050\000\051\000\040\000[\0004\000/\0008\000]}{subsection.4.1.1}% 15
\BOOKMARK [3][-]{subsubsection.4.1.1.7}{\376\377\0004\000.\0001\000.\0001\000.\0007\000\040\000l\000o\000g\000\050\000\051\000\040\000[\0005\000/\0008\000]}{subsection.4.1.1}% 16
\BOOKMARK [3][-]{subsubsection.4.1.1.8}{\376\377\0004\000.\0001\000.\0001\000.\0008\000\040\000l\000o\000g\000\050\000\051\000\040\000[\0006\000/\0008\000]}{subsection.4.1.1}% 17
\BOOKMARK [3][-]{subsubsection.4.1.1.9}{\376\377\0004\000.\0001\000.\0001\000.\0009\000\040\000l\000o\000g\000\050\000\051\000\040\000[\0007\000/\0008\000]}{subsection.4.1.1}% 18
\BOOKMARK [3][-]{subsubsection.4.1.1.10}{\376\377\0004\000.\0001\000.\0001\000.\0001\0000\000\040\000l\000o\000g\000\050\000\051\000\040\000[\0008\000/\0008\000]}{subsection.4.1.1}% 19
\BOOKMARK [3][-]{subsubsection.4.1.1.11}{\376\377\0004\000.\0001\000.\0001\000.\0001\0001\000\040\000l\000o\000g\000f\000t\000\050\000\051\000\040\000[\0001\000/\0002\000]}{subsection.4.1.1}% 20
\BOOKMARK [3][-]{subsubsection.4.1.1.12}{\376\377\0004\000.\0001\000.\0001\000.\0001\0002\000\040\000l\000o\000g\000f\000t\000\050\000\051\000\040\000[\0002\000/\0002\000]}{subsection.4.1.1}% 21
\BOOKMARK [3][-]{subsubsection.4.1.1.13}{\376\377\0004\000.\0001\000.\0001\000.\0001\0003\000\040\000l\000o\000g\000I\000n\000i\000t\000\050\000\051}{subsection.4.1.1}% 22
\BOOKMARK [3][-]{subsubsection.4.1.1.14}{\376\377\0004\000.\0001\000.\0001\000.\0001\0004\000\040\000l\000o\000g\000I\000n\000t\000\050\000\051}{subsection.4.1.1}% 23
\BOOKMARK [3][-]{subsubsection.4.1.1.15}{\376\377\0004\000.\0001\000.\0001\000.\0001\0005\000\040\000l\000o\000g\000l\000n\000\050\000\051\000\040\000[\0001\000/\0004\000]}{subsection.4.1.1}% 24
\BOOKMARK [3][-]{subsubsection.4.1.1.16}{\376\377\0004\000.\0001\000.\0001\000.\0001\0006\000\040\000l\000o\000g\000l\000n\000\050\000\051\000\040\000[\0002\000/\0004\000]}{subsection.4.1.1}% 25
\BOOKMARK [3][-]{subsubsection.4.1.1.17}{\376\377\0004\000.\0001\000.\0001\000.\0001\0007\000\040\000l\000o\000g\000l\000n\000\050\000\051\000\040\000[\0003\000/\0004\000]}{subsection.4.1.1}% 26
\BOOKMARK [3][-]{subsubsection.4.1.1.18}{\376\377\0004\000.\0001\000.\0001\000.\0001\0008\000\040\000l\000o\000g\000l\000n\000\050\000\051\000\040\000[\0004\000/\0004\000]}{subsection.4.1.1}% 27
\BOOKMARK [3][-]{subsubsection.4.1.1.19}{\376\377\0004\000.\0001\000.\0001\000.\0001\0009\000\040\000l\000o\000g\000T\000o\000S\000e\000r\000i\000a\000l\000\050\000\051\000\040\000[\0001\000/\0002\000]}{subsection.4.1.1}% 28
\BOOKMARK [3][-]{subsubsection.4.1.1.20}{\376\377\0004\000.\0001\000.\0001\000.\0002\0000\000\040\000l\000o\000g\000T\000o\000S\000e\000r\000i\000a\000l\000\050\000\051\000\040\000[\0002\000/\0002\000]}{subsection.4.1.1}% 29
\BOOKMARK [3][-]{subsubsection.4.1.1.21}{\376\377\0004\000.\0001\000.\0001\000.\0002\0001\000\040\000p\000t\000E\000n\000c\000o\000d\000e\000\050\000\051}{subsection.4.1.1}% 30
\BOOKMARK [1][-]{section.4.2}{\376\377\0004\000.\0002\000\040\000U\000t\000i\000l\000s\000-\000N\000a\000m\000e\000n\000s\000b\000e\000r\000e\000i\000c\000h\000s\000r\000e\000f\000e\000r\000e\000n\000z}{chapter.4}% 31
\BOOKMARK [2][-]{subsection.4.2.1}{\376\377\0004\000.\0002\000.\0001\000\040\000D\000o\000k\000u\000m\000e\000n\000t\000a\000t\000i\000o\000n\000\040\000d\000e\000r\000\040\000F\000u\000n\000k\000t\000i\000o\000n\000e\000n}{section.4.2}% 32
\BOOKMARK [3][-]{subsubsection.4.2.1.1}{\376\377\0004\000.\0002\000.\0001\000.\0001\000\040\000G\000e\000t\000B\000i\000t\0001\0006\000\050\000\051}{subsection.4.2.1}% 33
\BOOKMARK [3][-]{subsubsection.4.2.1.2}{\376\377\0004\000.\0002\000.\0001\000.\0002\000\040\000R\000e\000s\000e\000t\000B\000i\000t\0001\0006\000\050\000\051}{subsection.4.2.1}% 34
\BOOKMARK [3][-]{subsubsection.4.2.1.3}{\376\377\0004\000.\0002\000.\0001\000.\0003\000\040\000S\000e\000t\000B\000i\000t\0001\0006\000\050\000\051}{subsection.4.2.1}% 35
\BOOKMARK [0][-]{chapter.5}{\376\377\0005\000\040\000K\000l\000a\000s\000s\000e\000n\000-\000D\000o\000k\000u\000m\000e\000n\000t\000a\000t\000i\000o\000n}{}% 36
\BOOKMARK [1][-]{section.5.1}{\376\377\0005\000.\0001\000\040\000A\000c\000t\000u\000a\000t\000o\000r\000\040\000K\000l\000a\000s\000s\000e\000n\000r\000e\000f\000e\000r\000e\000n\000z}{chapter.5}% 37
\BOOKMARK [2][-]{subsection.5.1.1}{\376\377\0005\000.\0001\000.\0001\000\040\000D\000o\000k\000u\000m\000e\000n\000t\000a\000t\000i\000o\000n\000\040\000d\000e\000r\000\040\000A\000u\000f\000z\000\344\000h\000l\000u\000n\000g\000s\000t\000y\000p\000e\000n}{section.5.1}% 38
\BOOKMARK [3][-]{subsubsection.5.1.1.1}{\376\377\0005\000.\0001\000.\0001\000.\0001\000\040\000S\000t\000a\000t\000e}{subsection.5.1.1}% 39
\BOOKMARK [2][-]{subsection.5.1.2}{\376\377\0005\000.\0001\000.\0002\000\040\000B\000e\000s\000c\000h\000r\000e\000i\000b\000u\000n\000g\000\040\000d\000e\000r\000\040\000K\000o\000n\000s\000t\000r\000u\000k\000t\000o\000r\000e\000n\000\040\000u\000n\000d\000\040\000D\000e\000s\000t\000r\000u\000k\000t\000o\000r\000e\000n}{section.5.1}% 40
\BOOKMARK [3][-]{subsubsection.5.1.2.1}{\376\377\0005\000.\0001\000.\0002\000.\0001\000\040\000A\000c\000t\000u\000a\000t\000o\000r\000\050\000\051}{subsection.5.1.2}% 41
\BOOKMARK [2][-]{subsection.5.1.3}{\376\377\0005\000.\0001\000.\0003\000\040\000D\000o\000k\000u\000m\000e\000n\000t\000a\000t\000i\000o\000n\000\040\000d\000e\000r\000\040\000E\000l\000e\000m\000e\000n\000t\000f\000u\000n\000k\000t\000i\000o\000n\000e\000n}{section.5.1}% 42
\BOOKMARK [3][-]{subsubsection.5.1.3.1}{\376\377\0005\000.\0001\000.\0003\000.\0001\000\040\000A\000c\000t\000i\000v\000a\000t\000e\000\050\000\051}{subsection.5.1.3}% 43
\BOOKMARK [3][-]{subsubsection.5.1.3.2}{\376\377\0005\000.\0001\000.\0003\000.\0002\000\040\000A\000t\000t\000a\000c\000h\000\050\000\051}{subsection.5.1.3}% 44
\BOOKMARK [3][-]{subsubsection.5.1.3.3}{\376\377\0005\000.\0001\000.\0003\000.\0003\000\040\000c\000a\000l\000c\000P\000o\000s\000i\000t\000i\000o\000n\000\050\000\051}{subsection.5.1.3}% 45
\BOOKMARK [3][-]{subsubsection.5.1.3.4}{\376\377\0005\000.\0001\000.\0003\000.\0004\000\040\000c\000a\000l\000c\000S\000t\000e\000p\000s\000\050\000\051}{subsection.5.1.3}% 46
\BOOKMARK [3][-]{subsubsection.5.1.3.5}{\376\377\0005\000.\0001\000.\0003\000.\0005\000\040\000D\000e\000l\000t\000a\000\050\000\051}{subsection.5.1.3}% 47
\BOOKMARK [3][-]{subsubsection.5.1.3.6}{\376\377\0005\000.\0001\000.\0003\000.\0006\000\040\000I\000d\000\050\000\051}{subsection.5.1.3}% 48
\BOOKMARK [3][-]{subsubsection.5.1.3.7}{\376\377\0005\000.\0001\000.\0003\000.\0007\000\040\000I\000n\000i\000t\000\050\000\051}{subsection.5.1.3}% 49
\BOOKMARK [3][-]{subsubsection.5.1.3.8}{\376\377\0005\000.\0001\000.\0003\000.\0008\000\040\000R\000e\000a\000d\000\050\000\051}{subsection.5.1.3}% 50
\BOOKMARK [3][-]{subsubsection.5.1.3.9}{\376\377\0005\000.\0001\000.\0003\000.\0009\000\040\000R\000e\000f\000e\000r\000n\000c\000e\000\050\000\051}{subsection.5.1.3}% 51
\BOOKMARK [3][-]{subsubsection.5.1.3.10}{\376\377\0005\000.\0001\000.\0003\000.\0001\0000\000\040\000S\000e\000t\000U\000p\000\050\000\051}{subsection.5.1.3}% 52
\BOOKMARK [3][-]{subsubsection.5.1.3.11}{\376\377\0005\000.\0001\000.\0003\000.\0001\0001\000\040\000W\000r\000i\000t\000e\000\050\000\051}{subsection.5.1.3}% 53
\BOOKMARK [2][-]{subsection.5.1.4}{\376\377\0005\000.\0001\000.\0004\000\040\000D\000o\000k\000u\000m\000e\000n\000t\000a\000t\000i\000o\000n\000\040\000d\000e\000r\000\040\000D\000a\000t\000e\000n\000e\000l\000e\000m\000e\000n\000t\000e}{section.5.1}% 54
\BOOKMARK [3][-]{subsubsection.5.1.4.1}{\376\377\0005\000.\0001\000.\0004\000.\0001\000\040\000\137\000a\000c\000t\000u\000a\000l\000S\000t\000e\000p\000s}{subsection.5.1.4}% 55
\BOOKMARK [3][-]{subsubsection.5.1.4.2}{\376\377\0005\000.\0001\000.\0004\000.\0002\000\040\000\137\000d\000i\000r}{subsection.5.1.4}% 56
\BOOKMARK [3][-]{subsubsection.5.1.4.3}{\376\377\0005\000.\0001\000.\0004\000.\0003\000\040\000\137\000e\000n\000a\000b\000l\000e\000d}{subsection.5.1.4}% 57
\BOOKMARK [3][-]{subsubsection.5.1.4.4}{\376\377\0005\000.\0001\000.\0004\000.\0004\000\040\000\137\000g\000e\000a\000r\000R\000a\000t\000i\000o}{subsection.5.1.4}% 58
\BOOKMARK [3][-]{subsubsection.5.1.4.5}{\376\377\0005\000.\0001\000.\0004\000.\0005\000\040\000\137\000i\000d}{subsection.5.1.4}% 59
\BOOKMARK [3][-]{subsubsection.5.1.4.6}{\376\377\0005\000.\0001\000.\0004\000.\0006\000\040\000\137\000m\000a\000x}{subsection.5.1.4}% 60
\BOOKMARK [3][-]{subsubsection.5.1.4.7}{\376\377\0005\000.\0001\000.\0004\000.\0007\000\040\000\137\000m\000i\000c\000r\000o\000S\000t\000e\000p\000s}{subsection.5.1.4}% 61
\BOOKMARK [3][-]{subsubsection.5.1.4.8}{\376\377\0005\000.\0001\000.\0004\000.\0008\000\040\000\137\000m\000i\000n}{subsection.5.1.4}% 62
\BOOKMARK [3][-]{subsubsection.5.1.4.9}{\376\377\0005\000.\0001\000.\0004\000.\0009\000\040\000\137\000m\000o\000t\000o\000r\000S\000t\000e\000p\000s}{subsection.5.1.4}% 63
\BOOKMARK [3][-]{subsubsection.5.1.4.10}{\376\377\0005\000.\0001\000.\0004\000.\0001\0000\000\040\000\137\000o\000f\000f\000s\000e\000t}{subsection.5.1.4}% 64
\BOOKMARK [3][-]{subsubsection.5.1.4.11}{\376\377\0005\000.\0001\000.\0004\000.\0001\0001\000\040\000\137\000p\000r\000e\000v\000i\000o\000u\000s\000S\000t\000e\000p\000s}{subsection.5.1.4}% 65
\BOOKMARK [3][-]{subsubsection.5.1.4.12}{\376\377\0005\000.\0001\000.\0004\000.\0001\0002\000\040\000\137\000r\000o\000b\000F\000r\000a\000m\000e}{subsection.5.1.4}% 66
\BOOKMARK [3][-]{subsubsection.5.1.4.13}{\376\377\0005\000.\0001\000.\0004\000.\0001\0003\000\040\000\137\000r\000p\000m}{subsection.5.1.4}% 67
\BOOKMARK [3][-]{subsubsection.5.1.4.14}{\376\377\0005\000.\0001\000.\0004\000.\0001\0004\000\040\000\137\000s\000t\000a\000t\000e}{subsection.5.1.4}% 68
\BOOKMARK [3][-]{subsubsection.5.1.4.15}{\376\377\0005\000.\0001\000.\0004\000.\0001\0005\000\040\000\137\000s\000t\000e\000p\000p\000e\000r}{subsection.5.1.4}% 69
\BOOKMARK [3][-]{subsubsection.5.1.4.16}{\376\377\0005\000.\0001\000.\0004\000.\0001\0006\000\040\000\137\000t\000a\000r\000g\000e\000t\000S\000t\000e\000p\000s}{subsection.5.1.4}% 70
\BOOKMARK [3][-]{subsubsection.5.1.4.17}{\376\377\0005\000.\0001\000.\0004\000.\0001\0007\000\040\000\137\000t\000i\000m\000e\000O\000f\000D\000e\000l\000a\000y}{subsection.5.1.4}% 71
\BOOKMARK [3][-]{subsubsection.5.1.4.18}{\376\377\0005\000.\0001\000.\0004\000.\0001\0008\000\040\000A\000c\000c\000u\000r\000a\000c\000y}{subsection.5.1.4}% 72
\BOOKMARK [1][-]{section.5.2}{\376\377\0005\000.\0002\000\040\000C\000o\000m\000m\000a\000n\000d\000\040\000S\000t\000r\000u\000k\000t\000u\000r\000r\000e\000f\000e\000r\000e\000n\000z}{chapter.5}% 73
\BOOKMARK [2][-]{subsection.5.2.1}{\376\377\0005\000.\0002\000.\0001\000\040\000D\000o\000k\000u\000m\000e\000n\000t\000a\000t\000i\000o\000n\000\040\000d\000e\000r\000\040\000D\000a\000t\000e\000n\000e\000l\000e\000m\000e\000n\000t\000e}{section.5.2}% 74
\BOOKMARK [3][-]{subsubsection.5.2.1.1}{\376\377\0005\000.\0002\000.\0001\000.\0001\000\040\000C\000o\000n\000t\000e\000n\000t}{subsection.5.2.1}% 75
\BOOKMARK [3][-]{subsubsection.5.2.1.2}{\376\377\0005\000.\0002\000.\0001\000.\0002\000\040\000I\000d}{subsection.5.2.1}% 76
\BOOKMARK [3][-]{subsubsection.5.2.1.3}{\376\377\0005\000.\0002\000.\0001\000.\0003\000\040\000N\000a\000m\000e}{subsection.5.2.1}% 77
\BOOKMARK [3][-]{subsubsection.5.2.1.4}{\376\377\0005\000.\0002\000.\0001\000.\0004\000\040\000V\000a\000l\000u\000e}{subsection.5.2.1}% 78
\BOOKMARK [1][-]{section.5.3}{\376\377\0005\000.\0003\000\040\000C\000o\000m\000m\000a\000n\000d\000s\000\040\000K\000l\000a\000s\000s\000e\000n\000r\000e\000f\000e\000r\000e\000n\000z}{chapter.5}% 79
\BOOKMARK [2][-]{subsection.5.3.1}{\376\377\0005\000.\0003\000.\0001\000\040\000D\000o\000k\000u\000m\000e\000n\000t\000a\000t\000i\000o\000n\000\040\000d\000e\000r\000\040\000A\000u\000f\000z\000\344\000h\000l\000u\000n\000g\000s\000t\000y\000p\000e\000n}{section.5.3}% 80
\BOOKMARK [3][-]{subsubsection.5.3.1.1}{\376\377\0005\000.\0003\000.\0001\000.\0001\000\040\000T\000a\000g\000s}{subsection.5.3.1}% 81
\BOOKMARK [2][-]{subsection.5.3.2}{\376\377\0005\000.\0003\000.\0002\000\040\000B\000e\000s\000c\000h\000r\000e\000i\000b\000u\000n\000g\000\040\000d\000e\000r\000\040\000K\000o\000n\000s\000t\000r\000u\000k\000t\000o\000r\000e\000n\000\040\000u\000n\000d\000\040\000D\000e\000s\000t\000r\000u\000k\000t\000o\000r\000e\000n}{section.5.3}% 82
\BOOKMARK [3][-]{subsubsection.5.3.2.1}{\376\377\0005\000.\0003\000.\0002\000.\0001\000\040\000C\000o\000m\000m\000a\000n\000d\000s\000\050\000\051}{subsection.5.3.2}% 83
\BOOKMARK [2][-]{subsection.5.3.3}{\376\377\0005\000.\0003\000.\0003\000\040\000D\000o\000k\000u\000m\000e\000n\000t\000a\000t\000i\000o\000n\000\040\000d\000e\000r\000\040\000E\000l\000e\000m\000e\000n\000t\000f\000u\000n\000k\000t\000i\000o\000n\000e\000n}{section.5.3}% 84
\BOOKMARK [3][-]{subsubsection.5.3.3.1}{\376\377\0005\000.\0003\000.\0003\000.\0001\000\040\000D\000e\000l\000a\000y\000\050\000\051}{subsection.5.3.3}% 85
\BOOKMARK [3][-]{subsubsection.5.3.3.2}{\376\377\0005\000.\0003\000.\0003\000.\0002\000\040\000G\000e\000t\000\050\000\051}{subsection.5.3.3}% 86
\BOOKMARK [3][-]{subsubsection.5.3.3.3}{\376\377\0005\000.\0003\000.\0003\000.\0003\000\040\000G\000e\000t\000P\000a\000r\000a\000m\000\050\000\051}{subsection.5.3.3}% 87
\BOOKMARK [3][-]{subsubsection.5.3.3.4}{\376\377\0005\000.\0003\000.\0003\000.\0004\000\040\000I\000n\000i\000t\000\050\000\051}{subsection.5.3.3}% 88
\BOOKMARK [3][-]{subsubsection.5.3.3.5}{\376\377\0005\000.\0003\000.\0003\000.\0005\000\040\000L\000i\000s\000t\000\050\000\051}{subsection.5.3.3}% 89
\BOOKMARK [3][-]{subsubsection.5.3.3.6}{\376\377\0005\000.\0003\000.\0003\000.\0006\000\040\000o\000p\000e\000r\000a\000t\000o\000r\000[\000]\000\050\000\051}{subsection.5.3.3}% 90
\BOOKMARK [3][-]{subsubsection.5.3.3.7}{\376\377\0005\000.\0003\000.\0003\000.\0007\000\040\000P\000a\000r\000s\000e\000\050\000\051}{subsection.5.3.3}% 91
\BOOKMARK [3][-]{subsubsection.5.3.3.8}{\376\377\0005\000.\0003\000.\0003\000.\0008\000\040\000S\000e\000t\000P\000a\000r\000a\000m\000\050\000\051}{subsection.5.3.3}% 92
\BOOKMARK [2][-]{subsection.5.3.4}{\376\377\0005\000.\0003\000.\0004\000\040\000D\000o\000k\000u\000m\000e\000n\000t\000a\000t\000i\000o\000n\000\040\000d\000e\000r\000\040\000D\000a\000t\000e\000n\000e\000l\000e\000m\000e\000n\000t\000e}{section.5.3}% 93
\BOOKMARK [3][-]{subsubsection.5.3.4.1}{\376\377\0005\000.\0003\000.\0004\000.\0001\000\040\000\137\000l\000i\000s\000t}{subsection.5.3.4}% 94
\BOOKMARK [3][-]{subsubsection.5.3.4.2}{\376\377\0005\000.\0003\000.\0004\000.\0002\000\040\000\137\000r\000a\000n\000g\000e}{subsection.5.3.4}% 95
\BOOKMARK [3][-]{subsubsection.5.3.4.3}{\376\377\0005\000.\0003\000.\0004\000.\0003\000\040\000\137\000r\000o\000b\000F\000r\000a\000m\000e}{subsection.5.3.4}% 96
\BOOKMARK [1][-]{section.5.4}{\376\377\0005\000.\0004\000\040\000D\000h\000P\000a\000r\000a\000m\000\040\000S\000t\000r\000u\000k\000t\000u\000r\000r\000e\000f\000e\000r\000e\000n\000z}{chapter.5}% 97
\BOOKMARK [2][-]{subsection.5.4.1}{\376\377\0005\000.\0004\000.\0001\000\040\000D\000o\000k\000u\000m\000e\000n\000t\000a\000t\000i\000o\000n\000\040\000d\000e\000r\000\040\000D\000a\000t\000e\000n\000e\000l\000e\000m\000e\000n\000t\000e}{section.5.4}% 98
\BOOKMARK [3][-]{subsubsection.5.4.1.1}{\376\377\0005\000.\0004\000.\0001\000.\0001\000\040\000a\000l\000p\000h\000a}{subsection.5.4.1}% 99
\BOOKMARK [3][-]{subsubsection.5.4.1.2}{\376\377\0005\000.\0004\000.\0001\000.\0002\000\040\000b\000e\000t\000a}{subsection.5.4.1}% 100
\BOOKMARK [3][-]{subsubsection.5.4.1.3}{\376\377\0005\000.\0004\000.\0001\000.\0003\000\040\000d\000i\000s\000p}{subsection.5.4.1}% 101
\BOOKMARK [3][-]{subsubsection.5.4.1.4}{\376\377\0005\000.\0004\000.\0001\000.\0004\000\040\000l\000i\000n\000k}{subsection.5.4.1}% 102
\BOOKMARK [3][-]{subsubsection.5.4.1.5}{\376\377\0005\000.\0004\000.\0001\000.\0005\000\040\000t\000h\000e\000t\000a}{subsection.5.4.1}% 103
\BOOKMARK [1][-]{section.5.5}{\376\377\0005\000.\0005\000\040\000D\000h\000P\000a\000r\000a\000m\000e\000t\000e\000r\000s\000\040\000S\000t\000r\000u\000k\000t\000u\000r\000r\000e\000f\000e\000r\000e\000n\000z}{chapter.5}% 104
\BOOKMARK [2][-]{subsection.5.5.1}{\376\377\0005\000.\0005\000.\0001\000\040\000D\000o\000k\000u\000m\000e\000n\000t\000a\000t\000i\000o\000n\000\040\000d\000e\000r\000\040\000D\000a\000t\000e\000n\000e\000l\000e\000m\000e\000n\000t\000e}{section.5.5}% 105
\BOOKMARK [3][-]{subsubsection.5.5.1.1}{\376\377\0005\000.\0005\000.\0001\000.\0001\000\040\000a\000l\000p\000h\000a}{subsection.5.5.1}% 106
\BOOKMARK [3][-]{subsubsection.5.5.1.2}{\376\377\0005\000.\0005\000.\0001\000.\0002\000\040\000b\000e\000t\000a}{subsection.5.5.1}% 107
\BOOKMARK [3][-]{subsubsection.5.5.1.3}{\376\377\0005\000.\0005\000.\0001\000.\0003\000\040\000d\000i\000s\000p}{subsection.5.5.1}% 108
\BOOKMARK [3][-]{subsubsection.5.5.1.4}{\376\377\0005\000.\0005\000.\0001\000.\0004\000\040\000l\000i\000n\000k}{subsection.5.5.1}% 109
\BOOKMARK [3][-]{subsubsection.5.5.1.5}{\376\377\0005\000.\0005\000.\0001\000.\0005\000\040\000t\000h\000e\000t\000a}{subsection.5.5.1}% 110
\BOOKMARK [1][-]{section.5.6}{\376\377\0005\000.\0006\000\040\000J\000o\000i\000n\000t\000\040\000K\000l\000a\000s\000s\000e\000n\000r\000e\000f\000e\000r\000e\000n\000z}{chapter.5}% 111
\BOOKMARK [2][-]{subsection.5.6.1}{\376\377\0005\000.\0006\000.\0001\000\040\000B\000e\000s\000c\000h\000r\000e\000i\000b\000u\000n\000g\000\040\000d\000e\000r\000\040\000K\000o\000n\000s\000t\000r\000u\000k\000t\000o\000r\000e\000n\000\040\000u\000n\000d\000\040\000D\000e\000s\000t\000r\000u\000k\000t\000o\000r\000e\000n}{section.5.6}% 112
\BOOKMARK [3][-]{subsubsection.5.6.1.1}{\376\377\0005\000.\0006\000.\0001\000.\0001\000\040\000J\000o\000i\000n\000t\000\050\000\051}{subsection.5.6.1}% 113
\BOOKMARK [2][-]{subsection.5.6.2}{\376\377\0005\000.\0006\000.\0002\000\040\000D\000o\000k\000u\000m\000e\000n\000t\000a\000t\000i\000o\000n\000\040\000d\000e\000r\000\040\000E\000l\000e\000m\000e\000n\000t\000f\000u\000n\000k\000t\000i\000o\000n\000e\000n}{section.5.6}% 114
\BOOKMARK [3][-]{subsubsection.5.6.2.1}{\376\377\0005\000.\0006\000.\0002\000.\0001\000\040\000a\000t\000t\000a\000c\000h\000\050\000\051\000\040\000[\0001\000/\0003\000]}{subsection.5.6.2}% 115
\BOOKMARK [3][-]{subsubsection.5.6.2.2}{\376\377\0005\000.\0006\000.\0002\000.\0002\000\040\000a\000t\000t\000a\000c\000h\000\050\000\051\000\040\000[\0002\000/\0003\000]}{subsection.5.6.2}% 116
\BOOKMARK [3][-]{subsubsection.5.6.2.3}{\376\377\0005\000.\0006\000.\0002\000.\0003\000\040\000a\000t\000t\000a\000c\000h\000\050\000\051\000\040\000[\0003\000/\0003\000]}{subsection.5.6.2}% 117
\BOOKMARK [3][-]{subsubsection.5.6.2.4}{\376\377\0005\000.\0006\000.\0002\000.\0004\000\040\000d\000e\000l\000t\000a\000\050\000\051}{subsection.5.6.2}% 118
\BOOKMARK [3][-]{subsubsection.5.6.2.5}{\376\377\0005\000.\0006\000.\0002\000.\0005\000\040\000I\000n\000i\000t\000\050\000\051}{subsection.5.6.2}% 119
\BOOKMARK [3][-]{subsubsection.5.6.2.6}{\376\377\0005\000.\0006\000.\0002\000.\0006\000\040\000l\000i\000m\000i\000t\000\050\000\051}{subsection.5.6.2}% 120
\BOOKMARK [3][-]{subsubsection.5.6.2.7}{\376\377\0005\000.\0006\000.\0002\000.\0007\000\040\000r\000e\000a\000d\000\050\000\051}{subsection.5.6.2}% 121
\BOOKMARK [3][-]{subsubsection.5.6.2.8}{\376\377\0005\000.\0006\000.\0002\000.\0008\000\040\000r\000e\000a\000d\0002\000\050\000\051}{subsection.5.6.2}% 122
\BOOKMARK [3][-]{subsubsection.5.6.2.9}{\376\377\0005\000.\0006\000.\0002\000.\0009\000\040\000r\000e\000a\000d\000M\000i\000c\000r\000o\000s\000e\000c\000o\000n\000d\000s\000\050\000\051}{subsection.5.6.2}% 123
\BOOKMARK [3][-]{subsubsection.5.6.2.10}{\376\377\0005\000.\0006\000.\0002\000.\0001\0000\000\040\000w\000r\000i\000t\000e\000\050\000\051}{subsection.5.6.2}% 124
\BOOKMARK [2][-]{subsection.5.6.3}{\376\377\0005\000.\0006\000.\0003\000\040\000D\000o\000k\000u\000m\000e\000n\000t\000a\000t\000i\000o\000n\000\040\000d\000e\000r\000\040\000D\000a\000t\000e\000n\000e\000l\000e\000m\000e\000n\000t\000e}{section.5.6}% 125
\BOOKMARK [3][-]{subsubsection.5.6.3.1}{\376\377\0005\000.\0006\000.\0003\000.\0001\000\040\000\137\000o\000f\000f\000s\000e\000t}{subsection.5.6.3}% 126
\BOOKMARK [3][-]{subsubsection.5.6.3.2}{\376\377\0005\000.\0006\000.\0003\000.\0002\000\040\000\137\000r\000o\000b\000F\000r\000a\000m\000e}{subsection.5.6.3}% 127
\BOOKMARK [3][-]{subsubsection.5.6.3.3}{\376\377\0005\000.\0006\000.\0003\000.\0003\000\040\000i\000d}{subsection.5.6.3}% 128
\BOOKMARK [3][-]{subsubsection.5.6.3.4}{\376\377\0005\000.\0006\000.\0003\000.\0004\000\040\000m\000a\000x}{subsection.5.6.3}% 129
\BOOKMARK [3][-]{subsubsection.5.6.3.5}{\376\377\0005\000.\0006\000.\0003\000.\0005\000\040\000m\000i\000n}{subsection.5.6.3}% 130
\BOOKMARK [3][-]{subsubsection.5.6.3.6}{\376\377\0005\000.\0006\000.\0003\000.\0006\000\040\000o\000f\000f\000s\000e\000t}{subsection.5.6.3}% 131
\BOOKMARK [3][-]{subsubsection.5.6.3.7}{\376\377\0005\000.\0006\000.\0003\000.\0007\000\040\000s\000e\000r\000v\000o}{subsection.5.6.3}% 132
\BOOKMARK [1][-]{section.5.7}{\376\377\0005\000.\0007\000\040\000K\000i\000n\000e\000m\000a\000t\000i\000c\000\040\000K\000l\000a\000s\000s\000e\000n\000r\000e\000f\000e\000r\000e\000n\000z}{chapter.5}% 133
\BOOKMARK [2][-]{subsection.5.7.1}{\376\377\0005\000.\0007\000.\0001\000\040\000B\000e\000s\000c\000h\000r\000e\000i\000b\000u\000n\000g\000\040\000d\000e\000r\000\040\000K\000o\000n\000s\000t\000r\000u\000k\000t\000o\000r\000e\000n\000\040\000u\000n\000d\000\040\000D\000e\000s\000t\000r\000u\000k\000t\000o\000r\000e\000n}{section.5.7}% 134
\BOOKMARK [3][-]{subsubsection.5.7.1.1}{\376\377\0005\000.\0007\000.\0001\000.\0001\000\040\000K\000i\000n\000e\000m\000a\000t\000i\000c\000\050\000\051}{subsection.5.7.1}% 135
\BOOKMARK [2][-]{subsection.5.7.2}{\376\377\0005\000.\0007\000.\0002\000\040\000D\000o\000k\000u\000m\000e\000n\000t\000a\000t\000i\000o\000n\000\040\000d\000e\000r\000\040\000E\000l\000e\000m\000e\000n\000t\000f\000u\000n\000k\000t\000i\000o\000n\000e\000n}{section.5.7}% 136
\BOOKMARK [3][-]{subsubsection.5.7.2.1}{\376\377\0005\000.\0007\000.\0002\000.\0001\000\040\000a\000r\000m\000T\000M\000a\000t\000r\000i\000x\000\050\000\051}{subsection.5.7.2}% 137
\BOOKMARK [3][-]{subsubsection.5.7.2.2}{\376\377\0005\000.\0007\000.\0002\000.\0002\000\040\000f\000d\000K\000i\000n\000e\000m\000a\000t\000i\000c\000\050\000\051}{subsection.5.7.2}% 138
\BOOKMARK [3][-]{subsubsection.5.7.2.3}{\376\377\0005\000.\0007\000.\0002\000.\0003\000\040\000I\000n\000i\000t\000\050\000\051}{subsection.5.7.2}% 139
\BOOKMARK [3][-]{subsubsection.5.7.2.4}{\376\377\0005\000.\0007\000.\0002\000.\0004\000\040\000i\000v\000K\000i\000n\000e\000m\000a\000t\000i\000c\000\050\000\051}{subsection.5.7.2}% 140
\BOOKMARK [3][-]{subsubsection.5.7.2.5}{\376\377\0005\000.\0007\000.\0002\000.\0005\000\040\000i\000v\000O\000r\000i\000e\000n\000t\000a\000t\000i\000o\000n\000\050\000\051}{subsection.5.7.2}% 141
\BOOKMARK [3][-]{subsubsection.5.7.2.6}{\376\377\0005\000.\0007\000.\0002\000.\0006\000\040\000i\000v\000P\000o\000s\000i\000t\000i\000o\000n\000\050\000\051}{subsection.5.7.2}% 142
\BOOKMARK [3][-]{subsubsection.5.7.2.7}{\376\377\0005\000.\0007\000.\0002\000.\0007\000\040\000j\000o\000i\000n\000t\000T\000M\000a\000t\000r\000i\000x\000\050\000\051}{subsection.5.7.2}% 143
\BOOKMARK [3][-]{subsubsection.5.7.2.8}{\376\377\0005\000.\0007\000.\0002\000.\0008\000\040\000p\000r\000i\000n\000t\000M\000a\000t\000r\000i\000x\000\050\000\051}{subsection.5.7.2}% 144
\BOOKMARK [3][-]{subsubsection.5.7.2.9}{\376\377\0005\000.\0007\000.\0002\000.\0009\000\040\000r\000e\000a\000d\0003\000x\0003\000\050\000\051}{subsection.5.7.2}% 145
\BOOKMARK [2][-]{subsection.5.7.3}{\376\377\0005\000.\0007\000.\0003\000\040\000D\000o\000k\000u\000m\000e\000n\000t\000a\000t\000i\000o\000n\000\040\000d\000e\000r\000\040\000D\000a\000t\000e\000n\000e\000l\000e\000m\000e\000n\000t\000e}{section.5.7}% 146
\BOOKMARK [3][-]{subsubsection.5.7.3.1}{\376\377\0005\000.\0007\000.\0003\000.\0001\000\040\000\137\000r\000o\000b\000F\000r\000a\000m\000e}{subsection.5.7.3}% 147
\BOOKMARK [3][-]{subsubsection.5.7.3.2}{\376\377\0005\000.\0007\000.\0003\000.\0002\000\040\000d\000h\000P\000a\000r\0001}{subsection.5.7.3}% 148
\BOOKMARK [3][-]{subsubsection.5.7.3.3}{\376\377\0005\000.\0007\000.\0003\000.\0003\000\040\000d\000h\000P\000a\000r\0002}{subsection.5.7.3}% 149
\BOOKMARK [3][-]{subsubsection.5.7.3.4}{\376\377\0005\000.\0007\000.\0003\000.\0004\000\040\000d\000h\000P\000a\000r\0003}{subsection.5.7.3}% 150
\BOOKMARK [3][-]{subsubsection.5.7.3.5}{\376\377\0005\000.\0007\000.\0003\000.\0005\000\040\000d\000h\000P\000a\000r\0004}{subsection.5.7.3}% 151
\BOOKMARK [3][-]{subsubsection.5.7.3.6}{\376\377\0005\000.\0007\000.\0003\000.\0006\000\040\000d\000h\000P\000a\000r\0005}{subsection.5.7.3}% 152
\BOOKMARK [3][-]{subsubsection.5.7.3.7}{\376\377\0005\000.\0007\000.\0003\000.\0007\000\040\000d\000h\000P\000a\000r\0006}{subsection.5.7.3}% 153
\BOOKMARK [3][-]{subsubsection.5.7.3.8}{\376\377\0005\000.\0007\000.\0003\000.\0008\000\040\000t\000M\000a\000t\0000\0001}{subsection.5.7.3}% 154
\BOOKMARK [3][-]{subsubsection.5.7.3.9}{\376\377\0005\000.\0007\000.\0003\000.\0009\000\040\000t\000M\000a\000t\0000\0002}{subsection.5.7.3}% 155
\BOOKMARK [3][-]{subsubsection.5.7.3.10}{\376\377\0005\000.\0007\000.\0003\000.\0001\0000\000\040\000t\000M\000a\000t\0000\0003}{subsection.5.7.3}% 156
\BOOKMARK [3][-]{subsubsection.5.7.3.11}{\376\377\0005\000.\0007\000.\0003\000.\0001\0001\000\040\000t\000M\000a\000t\0000\0004}{subsection.5.7.3}% 157
\BOOKMARK [3][-]{subsubsection.5.7.3.12}{\376\377\0005\000.\0007\000.\0003\000.\0001\0002\000\040\000t\000M\000a\000t\0000\0005}{subsection.5.7.3}% 158
\BOOKMARK [3][-]{subsubsection.5.7.3.13}{\376\377\0005\000.\0007\000.\0003\000.\0001\0003\000\040\000t\000M\000a\000t\0000\0006}{subsection.5.7.3}% 159
\BOOKMARK [3][-]{subsubsection.5.7.3.14}{\376\377\0005\000.\0007\000.\0003\000.\0001\0004\000\040\000t\000M\000a\000t\0001\0002}{subsection.5.7.3}% 160
\BOOKMARK [3][-]{subsubsection.5.7.3.15}{\376\377\0005\000.\0007\000.\0003\000.\0001\0005\000\040\000t\000M\000a\000t\0002\0003}{subsection.5.7.3}% 161
\BOOKMARK [3][-]{subsubsection.5.7.3.16}{\376\377\0005\000.\0007\000.\0003\000.\0001\0006\000\040\000t\000M\000a\000t\0003\0004}{subsection.5.7.3}% 162
\BOOKMARK [3][-]{subsubsection.5.7.3.17}{\376\377\0005\000.\0007\000.\0003\000.\0001\0007\000\040\000t\000M\000a\000t\0004\0005}{subsection.5.7.3}% 163
\BOOKMARK [3][-]{subsubsection.5.7.3.18}{\376\377\0005\000.\0007\000.\0003\000.\0001\0008\000\040\000t\000M\000a\000t\0005\0006}{subsection.5.7.3}% 164
\BOOKMARK [1][-]{section.5.8}{\376\377\0005\000.\0008\000\040\000M\000a\000t\000r\000i\000x\0004\000x\0004\000\040\000S\000t\000r\000u\000k\000t\000u\000r\000r\000e\000f\000e\000r\000e\000n\000z}{chapter.5}% 165
\BOOKMARK [2][-]{subsection.5.8.1}{\376\377\0005\000.\0008\000.\0001\000\040\000D\000o\000k\000u\000m\000e\000n\000t\000a\000t\000i\000o\000n\000\040\000d\000e\000r\000\040\000D\000a\000t\000e\000n\000e\000l\000e\000m\000e\000n\000t\000e}{section.5.8}% 166
\BOOKMARK [3][-]{subsubsection.5.8.1.1}{\376\377\0005\000.\0008\000.\0001\000.\0001\000\040\000m\0001\0001}{subsection.5.8.1}% 167
\BOOKMARK [3][-]{subsubsection.5.8.1.2}{\376\377\0005\000.\0008\000.\0001\000.\0002\000\040\000m\0001\0002}{subsection.5.8.1}% 168
\BOOKMARK [3][-]{subsubsection.5.8.1.3}{\376\377\0005\000.\0008\000.\0001\000.\0003\000\040\000m\0001\0003}{subsection.5.8.1}% 169
\BOOKMARK [3][-]{subsubsection.5.8.1.4}{\376\377\0005\000.\0008\000.\0001\000.\0004\000\040\000m\0001\0004}{subsection.5.8.1}% 170
\BOOKMARK [1][-]{section.5.9}{\376\377\0005\000.\0009\000\040\000P\000o\000s\000D\000a\000t\000a\000\040\000S\000t\000r\000u\000k\000t\000u\000r\000r\000e\000f\000e\000r\000e\000n\000z}{chapter.5}% 171
\BOOKMARK [2][-]{subsection.5.9.1}{\376\377\0005\000.\0009\000.\0001\000\040\000D\000o\000k\000u\000m\000e\000n\000t\000a\000t\000i\000o\000n\000\040\000d\000e\000r\000\040\000D\000a\000t\000e\000n\000e\000l\000e\000m\000e\000n\000t\000e}{section.5.9}% 172
\BOOKMARK [3][-]{subsubsection.5.9.1.1}{\376\377\0005\000.\0009\000.\0001\000.\0001\000\040\000I\000d\000e\000n\000t\000i\000f\000i\000e\000r}{subsection.5.9.1}% 173
\BOOKMARK [3][-]{subsubsection.5.9.1.2}{\376\377\0005\000.\0009\000.\0001\000.\0002\000\040\000P\000o\000s\000i\000t\000i\000o\000n}{subsection.5.9.1}% 174
\BOOKMARK [3][-]{subsubsection.5.9.1.3}{\376\377\0005\000.\0009\000.\0001\000.\0003\000\040\000P\000o\000s\000t\000u\000r\000e}{subsection.5.9.1}% 175
\BOOKMARK [1][-]{section.5.10}{\376\377\0005\000.\0001\0000\000\040\000P\000o\000s\000i\000t\000i\000o\000n\000\040\000S\000t\000r\000u\000k\000t\000u\000r\000r\000e\000f\000e\000r\000e\000n\000z}{chapter.5}% 176
\BOOKMARK [2][-]{subsection.5.10.1}{\376\377\0005\000.\0001\0000\000.\0001\000\040\000D\000o\000k\000u\000m\000e\000n\000t\000a\000t\000i\000o\000n\000\040\000d\000e\000r\000\040\000D\000a\000t\000e\000n\000e\000l\000e\000m\000e\000n\000t\000e}{section.5.10}% 177
\BOOKMARK [3][-]{subsubsection.5.10.1.1}{\376\377\0005\000.\0001\0000\000.\0001\000.\0001\000\040\000A}{subsection.5.10.1}% 178
\BOOKMARK [3][-]{subsubsection.5.10.1.2}{\376\377\0005\000.\0001\0000\000.\0001\000.\0002\000\040\000B}{subsection.5.10.1}% 179
\BOOKMARK [3][-]{subsubsection.5.10.1.3}{\376\377\0005\000.\0001\0000\000.\0001\000.\0003\000\040\000C}{subsection.5.10.1}% 180
\BOOKMARK [3][-]{subsubsection.5.10.1.4}{\376\377\0005\000.\0001\0000\000.\0001\000.\0004\000\040\000X}{subsection.5.10.1}% 181
\BOOKMARK [3][-]{subsubsection.5.10.1.5}{\376\377\0005\000.\0001\0000\000.\0001\000.\0005\000\040\000Y}{subsection.5.10.1}% 182
\BOOKMARK [3][-]{subsubsection.5.10.1.6}{\376\377\0005\000.\0001\0000\000.\0001\000.\0006\000\040\000Z}{subsection.5.10.1}% 183
\BOOKMARK [1][-]{section.5.11}{\376\377\0005\000.\0001\0001\000\040\000P\000o\000s\000i\000t\000i\000o\000n\000F\000a\000c\000t\000o\000r\000y\000\040\000K\000l\000a\000s\000s\000e\000n\000r\000e\000f\000e\000r\000e\000n\000z}{chapter.5}% 184
\BOOKMARK [2][-]{subsection.5.11.1}{\376\377\0005\000.\0001\0001\000.\0001\000\040\000B\000e\000s\000c\000h\000r\000e\000i\000b\000u\000n\000g\000\040\000d\000e\000r\000\040\000K\000o\000n\000s\000t\000r\000u\000k\000t\000o\000r\000e\000n\000\040\000u\000n\000d\000\040\000D\000e\000s\000t\000r\000u\000k\000t\000o\000r\000e\000n}{section.5.11}% 185
\BOOKMARK [3][-]{subsubsection.5.11.1.1}{\376\377\0005\000.\0001\0001\000.\0001\000.\0001\000\040\000P\000o\000s\000i\000t\000i\000o\000n\000F\000a\000c\000t\000o\000r\000y\000\050\000\051}{subsection.5.11.1}% 186
\BOOKMARK [3][-]{subsubsection.5.11.1.2}{\376\377\0005\000.\0001\0001\000.\0001\000.\0002\000\040\000~\000P\000o\000s\000i\000t\000i\000o\000n\000F\000a\000c\000t\000o\000r\000y\000\050\000\051}{subsection.5.11.1}% 187
\BOOKMARK [2][-]{subsection.5.11.2}{\376\377\0005\000.\0001\0001\000.\0002\000\040\000D\000o\000k\000u\000m\000e\000n\000t\000a\000t\000i\000o\000n\000\040\000d\000e\000r\000\040\000E\000l\000e\000m\000e\000n\000t\000f\000u\000n\000k\000t\000i\000o\000n\000e\000n}{section.5.11}% 188
\BOOKMARK [3][-]{subsubsection.5.11.2.1}{\376\377\0005\000.\0001\0001\000.\0002\000.\0001\000\040\000A\000d\000d\000P\000o\000s\000i\000t\000i\000o\000n\000\050\000\051}{subsection.5.11.2}% 189
\BOOKMARK [3][-]{subsubsection.5.11.2.2}{\376\377\0005\000.\0001\0001\000.\0002\000.\0002\000\040\000C\000o\000u\000n\000t\000\050\000\051}{subsection.5.11.2}% 190
\BOOKMARK [3][-]{subsubsection.5.11.2.3}{\376\377\0005\000.\0001\0001\000.\0002\000.\0003\000\040\000D\000e\000c\000o\000d\000e\000\050\000\051}{subsection.5.11.2}% 191
\BOOKMARK [3][-]{subsubsection.5.11.2.4}{\376\377\0005\000.\0001\0001\000.\0002\000.\0004\000\040\000D\000e\000c\000o\000d\000e\000P\000o\000s\000i\000t\000i\000o\000n\000\050\000\051}{subsection.5.11.2}% 192
\BOOKMARK [3][-]{subsubsection.5.11.2.5}{\376\377\0005\000.\0001\0001\000.\0002\000.\0005\000\040\000D\000e\000c\000o\000d\000e\000P\000o\000s\000t\000u\000r\000e\000\050\000\051}{subsection.5.11.2}% 193
\BOOKMARK [3][-]{subsubsection.5.11.2.6}{\376\377\0005\000.\0001\0001\000.\0002\000.\0006\000\040\000D\000e\000l\000\050\000\051}{subsection.5.11.2}% 194
\BOOKMARK [3][-]{subsubsection.5.11.2.7}{\376\377\0005\000.\0001\0001\000.\0002\000.\0007\000\040\000G\000e\000t\000\050\000\051}{subsection.5.11.2}% 195
\BOOKMARK [3][-]{subsubsection.5.11.2.8}{\376\377\0005\000.\0001\0001\000.\0002\000.\0008\000\040\000I\000n\000i\000t\000\050\000\051}{subsection.5.11.2}% 196
\BOOKMARK [3][-]{subsubsection.5.11.2.9}{\376\377\0005\000.\0001\0001\000.\0002\000.\0009\000\040\000L\000o\000g\000I\000n\000f\000o\000\050\000\051}{subsection.5.11.2}% 197
\BOOKMARK [3][-]{subsubsection.5.11.2.10}{\376\377\0005\000.\0001\0001\000.\0002\000.\0001\0000\000\040\000L\000o\000g\000P\000o\000s\000i\000t\000i\000o\000n\000s\000\050\000\051}{subsection.5.11.2}% 198
\BOOKMARK [3][-]{subsubsection.5.11.2.11}{\376\377\0005\000.\0001\0001\000.\0002\000.\0001\0001\000\040\000o\000p\000e\000r\000a\000t\000o\000r\000[\000]\000\050\000\051}{subsection.5.11.2}% 199
\BOOKMARK [3][-]{subsubsection.5.11.2.12}{\376\377\0005\000.\0001\0001\000.\0002\000.\0001\0002\000\040\000R\000a\000n\000g\000e\000C\000h\000e\000c\000k\000\050\000\051}{subsection.5.11.2}% 200
\BOOKMARK [3][-]{subsubsection.5.11.2.13}{\376\377\0005\000.\0001\0001\000.\0002\000.\0001\0003\000\040\000S\000e\000t\000u\000p\000\050\000\051}{subsection.5.11.2}% 201
\BOOKMARK [3][-]{subsubsection.5.11.2.14}{\376\377\0005\000.\0001\0001\000.\0002\000.\0001\0004\000\040\000T\000o\000s\000P\000o\000s\000i\000t\000i\000o\000n\000\050\000\051}{subsection.5.11.2}% 202
\BOOKMARK [3][-]{subsubsection.5.11.2.15}{\376\377\0005\000.\0001\0001\000.\0002\000.\0001\0005\000\040\000T\000o\000s\000P\000o\000s\000t\000u\000r\000e\000\050\000\051}{subsection.5.11.2}% 203
\BOOKMARK [3][-]{subsubsection.5.11.2.16}{\376\377\0005\000.\0001\0001\000.\0002\000.\0001\0006\000\040\000U\000p\000d\000a\000t\000e\000\050\000\051}{subsection.5.11.2}% 204
\BOOKMARK [2][-]{subsection.5.11.3}{\376\377\0005\000.\0001\0001\000.\0003\000\040\000D\000o\000k\000u\000m\000e\000n\000t\000a\000t\000i\000o\000n\000\040\000d\000e\000r\000\040\000D\000a\000t\000e\000n\000e\000l\000e\000m\000e\000n\000t\000e}{section.5.11}% 205
\BOOKMARK [3][-]{subsubsection.5.11.3.1}{\376\377\0005\000.\0001\0001\000.\0003\000.\0001\000\040\000\137\000d\000a\000t\000a}{subsection.5.11.3}% 206
\BOOKMARK [3][-]{subsubsection.5.11.3.2}{\376\377\0005\000.\0001\0001\000.\0003\000.\0002\000\040\000\137\000d\000e\000f\000i\000n\000e\000d\000C\000o\000u\000n\000t}{subsection.5.11.3}% 207
\BOOKMARK [3][-]{subsubsection.5.11.3.3}{\376\377\0005\000.\0001\0001\000.\0003\000.\0003\000\040\000\137\000r\000o\000b\000F\000r\000a\000m\000e}{subsection.5.11.3}% 208
\BOOKMARK [1][-]{section.5.12}{\376\377\0005\000.\0001\0002\000\040\000P\000o\000s\000t\000u\000r\000e\000\040\000S\000t\000r\000u\000k\000t\000u\000r\000r\000e\000f\000e\000r\000e\000n\000z}{chapter.5}% 209
\BOOKMARK [2][-]{subsection.5.12.1}{\376\377\0005\000.\0001\0002\000.\0001\000\040\000D\000o\000k\000u\000m\000e\000n\000t\000a\000t\000i\000o\000n\000\040\000d\000e\000r\000\040\000D\000a\000t\000e\000n\000e\000l\000e\000m\000e\000n\000t\000e}{section.5.12}% 210
\BOOKMARK [3][-]{subsubsection.5.12.1.1}{\376\377\0005\000.\0001\0002\000.\0001\000.\0001\000\040\000J\000t\0001}{subsection.5.12.1}% 211
\BOOKMARK [3][-]{subsubsection.5.12.1.2}{\376\377\0005\000.\0001\0002\000.\0001\000.\0002\000\040\000J\000t\0002}{subsection.5.12.1}% 212
\BOOKMARK [3][-]{subsubsection.5.12.1.3}{\376\377\0005\000.\0001\0002\000.\0001\000.\0003\000\040\000J\000t\0003}{subsection.5.12.1}% 213
\BOOKMARK [3][-]{subsubsection.5.12.1.4}{\376\377\0005\000.\0001\0002\000.\0001\000.\0004\000\040\000J\000t\0004}{subsection.5.12.1}% 214
\BOOKMARK [3][-]{subsubsection.5.12.1.5}{\376\377\0005\000.\0001\0002\000.\0001\000.\0005\000\040\000J\000t\0005}{subsection.5.12.1}% 215
\BOOKMARK [3][-]{subsubsection.5.12.1.6}{\376\377\0005\000.\0001\0002\000.\0001\000.\0006\000\040\000J\000t\0006}{subsection.5.12.1}% 216
\BOOKMARK [1][-]{section.5.13}{\376\377\0005\000.\0001\0003\000\040\000R\000o\000b\000F\000r\000a\000m\000e\000\040\000K\000l\000a\000s\000s\000e\000n\000r\000e\000f\000e\000r\000e\000n\000z}{chapter.5}% 217
\BOOKMARK [2][-]{subsection.5.13.1}{\376\377\0005\000.\0001\0003\000.\0001\000\040\000B\000e\000s\000c\000h\000r\000e\000i\000b\000u\000n\000g\000\040\000d\000e\000r\000\040\000K\000o\000n\000s\000t\000r\000u\000k\000t\000o\000r\000e\000n\000\040\000u\000n\000d\000\040\000D\000e\000s\000t\000r\000u\000k\000t\000o\000r\000e\000n}{section.5.13}% 218
\BOOKMARK [3][-]{subsubsection.5.13.1.1}{\376\377\0005\000.\0001\0003\000.\0001\000.\0001\000\040\000R\000o\000b\000F\000r\000a\000m\000e\000\050\000\051}{subsection.5.13.1}% 219
\BOOKMARK [2][-]{subsection.5.13.2}{\376\377\0005\000.\0001\0003\000.\0002\000\040\000D\000o\000k\000u\000m\000e\000n\000t\000a\000t\000i\000o\000n\000\040\000d\000e\000r\000\040\000E\000l\000e\000m\000e\000n\000t\000f\000u\000n\000k\000t\000i\000o\000n\000e\000n}{section.5.13}% 220
\BOOKMARK [3][-]{subsubsection.5.13.2.1}{\376\377\0005\000.\0001\0003\000.\0002\000.\0001\000\040\000D\000e\000c\000o\000d\000e\000\050\000\051}{subsection.5.13.2}% 221
\BOOKMARK [3][-]{subsubsection.5.13.2.2}{\376\377\0005\000.\0001\0003\000.\0002\000.\0002\000\040\000D\000r\000i\000v\000e\000\050\000\051\000\040\000[\0001\000/\0002\000]}{subsection.5.13.2}% 222
\BOOKMARK [3][-]{subsubsection.5.13.2.3}{\376\377\0005\000.\0001\0003\000.\0002\000.\0003\000\040\000D\000r\000i\000v\000e\000\050\000\051\000\040\000[\0002\000/\0002\000]}{subsection.5.13.2}% 223
\BOOKMARK [3][-]{subsubsection.5.13.2.4}{\376\377\0005\000.\0001\0003\000.\0002\000.\0004\000\040\000G\000o\000t\000o\000D\000e\000g\000\050\000\051}{subsection.5.13.2}% 224
\BOOKMARK [3][-]{subsubsection.5.13.2.5}{\376\377\0005\000.\0001\0003\000.\0002\000.\0005\000\040\000I\000n\000c\000r\000e\000m\000e\000n\000t\000\050\000\051}{subsection.5.13.2}% 225
\BOOKMARK [3][-]{subsubsection.5.13.2.6}{\376\377\0005\000.\0001\0003\000.\0002\000.\0006\000\040\000I\000n\000t\000e\000r\000p\000o\000l\000a\000t\000e\000\050\000\051}{subsection.5.13.2}% 226
\BOOKMARK [3][-]{subsubsection.5.13.2.7}{\376\377\0005\000.\0001\0003\000.\0002\000.\0007\000\040\000L\000D\000r\000i\000v\000e\000\050\000\051}{subsection.5.13.2}% 227
\BOOKMARK [3][-]{subsubsection.5.13.2.8}{\376\377\0005\000.\0001\0003\000.\0002\000.\0008\000\040\000L\000o\000o\000p\000P\000o\000s\000i\000t\000i\000o\000n\000s\000\050\000\051}{subsection.5.13.2}% 228
\BOOKMARK [3][-]{subsubsection.5.13.2.9}{\376\377\0005\000.\0001\0003\000.\0002\000.\0009\000\040\000S\000e\000t\000u\000p\000\050\000\051}{subsection.5.13.2}% 229
\BOOKMARK [3][-]{subsubsection.5.13.2.10}{\376\377\0005\000.\0001\0003\000.\0002\000.\0001\0000\000\040\000S\000w\000e\000e\000p\000\050\000\051}{subsection.5.13.2}% 230
\BOOKMARK [3][-]{subsubsection.5.13.2.11}{\376\377\0005\000.\0001\0003\000.\0002\000.\0001\0001\000\040\000V\000a\000l\000i\000d\000a\000t\000e\000\050\000\051}{subsection.5.13.2}% 231
\BOOKMARK [2][-]{subsection.5.13.3}{\376\377\0005\000.\0001\0003\000.\0003\000\040\000D\000o\000k\000u\000m\000e\000n\000t\000a\000t\000i\000o\000n\000\040\000d\000e\000r\000\040\000D\000a\000t\000e\000n\000e\000l\000e\000m\000e\000n\000t\000e}{section.5.13}% 232
\BOOKMARK [3][-]{subsubsection.5.13.3.1}{\376\377\0005\000.\0001\0003\000.\0003\000.\0001\000\040\000\137\000l\000o\000o\000p\000C\000o\000u\000n\000t}{subsection.5.13.3}% 233
\BOOKMARK [3][-]{subsubsection.5.13.3.2}{\376\377\0005\000.\0001\0003\000.\0003\000.\0002\000\040\000C\000o\000m\000m\000a\000n\000d\000s}{subsection.5.13.3}% 234
\BOOKMARK [3][-]{subsubsection.5.13.3.3}{\376\377\0005\000.\0001\0003\000.\0003\000.\0003\000\040\000J\000o\000i\000n\000t\0001}{subsection.5.13.3}% 235
\BOOKMARK [3][-]{subsubsection.5.13.3.4}{\376\377\0005\000.\0001\0003\000.\0003\000.\0004\000\040\000J\000o\000i\000n\000t\0002}{subsection.5.13.3}% 236
\BOOKMARK [3][-]{subsubsection.5.13.3.5}{\376\377\0005\000.\0001\0003\000.\0003\000.\0005\000\040\000J\000o\000i\000n\000t\0003}{subsection.5.13.3}% 237
\BOOKMARK [3][-]{subsubsection.5.13.3.6}{\376\377\0005\000.\0001\0003\000.\0003\000.\0006\000\040\000J\000o\000i\000n\000t\0004}{subsection.5.13.3}% 238
\BOOKMARK [3][-]{subsubsection.5.13.3.7}{\376\377\0005\000.\0001\0003\000.\0003\000.\0007\000\040\000J\000o\000i\000n\000t\0005}{subsection.5.13.3}% 239
\BOOKMARK [3][-]{subsubsection.5.13.3.8}{\376\377\0005\000.\0001\0003\000.\0003\000.\0008\000\040\000J\000o\000i\000n\000t\0006}{subsection.5.13.3}% 240
\BOOKMARK [3][-]{subsubsection.5.13.3.9}{\376\377\0005\000.\0001\0003\000.\0003\000.\0009\000\040\000K\000i\000n\000e\000m\000a\000t\000i\000c\000s}{subsection.5.13.3}% 241
\BOOKMARK [3][-]{subsubsection.5.13.3.10}{\376\377\0005\000.\0001\0003\000.\0003\000.\0001\0000\000\040\000P\000o\000s\000F\000a\000c\000t\000o\000r\000y}{subsection.5.13.3}% 242
\BOOKMARK [3][-]{subsubsection.5.13.3.11}{\376\377\0005\000.\0001\0003\000.\0003\000.\0001\0001\000\040\000P\000t\000H\000o\000m\000e}{subsection.5.13.3}% 243
\BOOKMARK [1][-]{section.5.14}{\376\377\0005\000.\0001\0004\000\040\000s\000P\000o\000s\000i\000t\000i\000o\000n\000\040\000S\000t\000r\000u\000k\000t\000u\000r\000r\000e\000f\000e\000r\000e\000n\000z}{chapter.5}% 244
\BOOKMARK [2][-]{subsection.5.14.1}{\376\377\0005\000.\0001\0004\000.\0001\000\040\000D\000o\000k\000u\000m\000e\000n\000t\000a\000t\000i\000o\000n\000\040\000d\000e\000r\000\040\000D\000a\000t\000e\000n\000e\000l\000e\000m\000e\000n\000t\000e}{section.5.14}% 245
\BOOKMARK [3][-]{subsubsection.5.14.1.1}{\376\377\0005\000.\0001\0004\000.\0001\000.\0001\000\040\000A}{subsection.5.14.1}% 246
\BOOKMARK [3][-]{subsubsection.5.14.1.2}{\376\377\0005\000.\0001\0004\000.\0001\000.\0002\000\040\000B}{subsection.5.14.1}% 247
\BOOKMARK [3][-]{subsubsection.5.14.1.3}{\376\377\0005\000.\0001\0004\000.\0001\000.\0003\000\040\000C}{subsection.5.14.1}% 248
\BOOKMARK [3][-]{subsubsection.5.14.1.4}{\376\377\0005\000.\0001\0004\000.\0001\000.\0004\000\040\000X}{subsection.5.14.1}% 249
\BOOKMARK [3][-]{subsubsection.5.14.1.5}{\376\377\0005\000.\0001\0004\000.\0001\000.\0005\000\040\000Y}{subsection.5.14.1}% 250
\BOOKMARK [3][-]{subsubsection.5.14.1.6}{\376\377\0005\000.\0001\0004\000.\0001\000.\0006\000\040\000Z}{subsection.5.14.1}% 251
\BOOKMARK [1][-]{section.5.15}{\376\377\0005\000.\0001\0005\000\040\000s\000P\000o\000s\000t\000u\000r\000e\000\040\000S\000t\000r\000u\000k\000t\000u\000r\000r\000e\000f\000e\000r\000e\000n\000z}{chapter.5}% 252
\BOOKMARK [2][-]{subsection.5.15.1}{\376\377\0005\000.\0001\0005\000.\0001\000\040\000D\000o\000k\000u\000m\000e\000n\000t\000a\000t\000i\000o\000n\000\040\000d\000e\000r\000\040\000D\000a\000t\000e\000n\000e\000l\000e\000m\000e\000n\000t\000e}{section.5.15}% 253
\BOOKMARK [3][-]{subsubsection.5.15.1.1}{\376\377\0005\000.\0001\0005\000.\0001\000.\0001\000\040\000J\000t\0001}{subsection.5.15.1}% 254
\BOOKMARK [3][-]{subsubsection.5.15.1.2}{\376\377\0005\000.\0001\0005\000.\0001\000.\0002\000\040\000J\000t\0002}{subsection.5.15.1}% 255
\BOOKMARK [3][-]{subsubsection.5.15.1.3}{\376\377\0005\000.\0001\0005\000.\0001\000.\0003\000\040\000J\000t\0003}{subsection.5.15.1}% 256
\BOOKMARK [3][-]{subsubsection.5.15.1.4}{\376\377\0005\000.\0001\0005\000.\0001\000.\0004\000\040\000J\000t\0004}{subsection.5.15.1}% 257
\BOOKMARK [3][-]{subsubsection.5.15.1.5}{\376\377\0005\000.\0001\0005\000.\0001\000.\0005\000\040\000J\000t\0005}{subsection.5.15.1}% 258
\BOOKMARK [3][-]{subsubsection.5.15.1.6}{\376\377\0005\000.\0001\0005\000.\0001\000.\0006\000\040\000J\000t\0006}{subsection.5.15.1}% 259
\BOOKMARK [0][-]{chapter.6}{\376\377\0006\000\040\000D\000a\000t\000e\000i\000-\000D\000o\000k\000u\000m\000e\000n\000t\000a\000t\000i\000o\000n}{}% 260
\BOOKMARK [1][-]{section.6.1}{\376\377\0006\000.\0001\000\040\000A\000c\000t\000u\000a\000t\000o\000r\000.\000c\000p\000p\000-\000D\000a\000t\000e\000i\000r\000e\000f\000e\000r\000e\000n\000z}{chapter.6}% 261
\BOOKMARK [1][-]{section.6.2}{\376\377\0006\000.\0002\000\040\000A\000c\000t\000u\000a\000t\000o\000r\000.\000h\000p\000p\000-\000D\000a\000t\000e\000i\000r\000e\000f\000e\000r\000e\000n\000z}{chapter.6}% 262
\BOOKMARK [1][-]{section.6.3}{\376\377\0006\000.\0003\000\040\000A\000c\000t\000u\000a\000t\000o\000r\000.\000h\000p\000p}{chapter.6}% 263
\BOOKMARK [1][-]{section.6.4}{\376\377\0006\000.\0004\000\040\000C\000o\000m\000m\000a\000n\000d\000s\000.\000c\000p\000p\000-\000D\000a\000t\000e\000i\000r\000e\000f\000e\000r\000e\000n\000z}{chapter.6}% 264
\BOOKMARK [1][-]{section.6.5}{\376\377\0006\000.\0005\000\040\000C\000o\000m\000m\000a\000n\000d\000s\000.\000h\000p\000p\000-\000D\000a\000t\000e\000i\000r\000e\000f\000e\000r\000e\000n\000z}{chapter.6}% 265
\BOOKMARK [2][-]{subsection.6.5.1}{\376\377\0006\000.\0005\000.\0001\000\040\000M\000a\000k\000r\000o\000-\000D\000o\000k\000u\000m\000e\000n\000t\000a\000t\000i\000o\000n}{section.6.5}% 266
\BOOKMARK [3][-]{subsubsection.6.5.1.1}{\376\377\0006\000.\0005\000.\0001\000.\0001\000\040\000C\000O\000M\000M\000A\000N\000D\000\137\000L\000E\000N}{subsection.6.5.1}% 267
\BOOKMARK [1][-]{section.6.6}{\376\377\0006\000.\0006\000\040\000C\000o\000m\000m\000a\000n\000d\000s\000.\000h\000p\000p}{chapter.6}% 268
\BOOKMARK [1][-]{section.6.7}{\376\377\0006\000.\0007\000\040\000J\000o\000i\000n\000t\000.\000c\000p\000p\000-\000D\000a\000t\000e\000i\000r\000e\000f\000e\000r\000e\000n\000z}{chapter.6}% 269
\BOOKMARK [1][-]{section.6.8}{\376\377\0006\000.\0008\000\040\000J\000o\000i\000n\000t\000.\000h\000p\000p\000-\000D\000a\000t\000e\000i\000r\000e\000f\000e\000r\000e\000n\000z}{chapter.6}% 270
\BOOKMARK [1][-]{section.6.9}{\376\377\0006\000.\0009\000\040\000J\000o\000i\000n\000t\000.\000h\000p\000p}{chapter.6}% 271
\BOOKMARK [1][-]{section.6.10}{\376\377\0006\000.\0001\0000\000\040\000K\000i\000n\000e\000m\000a\000t\000i\000c\000.\000c\000p\000p\000-\000D\000a\000t\000e\000i\000r\000e\000f\000e\000r\000e\000n\000z}{chapter.6}% 272
\BOOKMARK [2][-]{subsection.6.10.1}{\376\377\0006\000.\0001\0000\000.\0001\000\040\000D\000o\000k\000u\000m\000e\000n\000t\000a\000t\000i\000o\000n\000\040\000d\000e\000r\000\040\000F\000u\000n\000k\000t\000i\000o\000n\000e\000n}{section.6.10}% 273
\BOOKMARK [3][-]{subsubsection.6.10.1.1}{\376\377\0006\000.\0001\0000\000.\0001\000.\0001\000\040\000g\000e\000t\000D\000e\000g\000\050\000\051}{subsection.6.10.1}% 274
\BOOKMARK [3][-]{subsubsection.6.10.1.2}{\376\377\0006\000.\0001\0000\000.\0001\000.\0002\000\040\000g\000e\000t\000R\000a\000d\000\050\000\051}{subsection.6.10.1}% 275
\BOOKMARK [3][-]{subsubsection.6.10.1.3}{\376\377\0006\000.\0001\0000\000.\0001\000.\0003\000\040\000s\000i\000g\000n\000\050\000\051}{subsection.6.10.1}% 276
\BOOKMARK [2][-]{subsection.6.10.2}{\376\377\0006\000.\0001\0000\000.\0002\000\040\000V\000a\000r\000i\000a\000b\000l\000e\000n\000-\000D\000o\000k\000u\000m\000e\000n\000t\000a\000t\000i\000o\000n}{section.6.10}% 277
\BOOKMARK [3][-]{subsubsection.6.10.2.1}{\376\377\0006\000.\0001\0000\000.\0002\000.\0001\000\040\000p\000i}{subsection.6.10.2}% 278
\BOOKMARK [1][-]{section.6.11}{\376\377\0006\000.\0001\0001\000\040\000K\000i\000n\000e\000m\000a\000t\000i\000c\000.\000h\000p\000p\000-\000D\000a\000t\000e\000i\000r\000e\000f\000e\000r\000e\000n\000z}{chapter.6}% 279
\BOOKMARK [2][-]{subsection.6.11.1}{\376\377\0006\000.\0001\0001\000.\0001\000\040\000D\000o\000k\000u\000m\000e\000n\000t\000a\000t\000i\000o\000n\000\040\000d\000e\000r\000\040\000F\000u\000n\000k\000t\000i\000o\000n\000e\000n}{section.6.11}% 280
\BOOKMARK [3][-]{subsubsection.6.11.1.1}{\376\377\0006\000.\0001\0001\000.\0001\000.\0001\000\040\000g\000e\000t\000D\000e\000g\000\050\000\051}{subsection.6.11.1}% 281
\BOOKMARK [3][-]{subsubsection.6.11.1.2}{\376\377\0006\000.\0001\0001\000.\0001\000.\0002\000\040\000g\000e\000t\000R\000a\000d\000\050\000\051}{subsection.6.11.1}% 282
\BOOKMARK [3][-]{subsubsection.6.11.1.3}{\376\377\0006\000.\0001\0001\000.\0001\000.\0003\000\040\000s\000i\000g\000n\000\050\000\051}{subsection.6.11.1}% 283
\BOOKMARK [1][-]{section.6.12}{\376\377\0006\000.\0001\0002\000\040\000K\000i\000n\000e\000m\000a\000t\000i\000c\000.\000h\000p\000p}{chapter.6}% 284
\BOOKMARK [1][-]{section.6.13}{\376\377\0006\000.\0001\0003\000\040\000L\000o\000g\000g\000e\000r\000.\000c\000p\000p\000-\000D\000a\000t\000e\000i\000r\000e\000f\000e\000r\000e\000n\000z}{chapter.6}% 285
\BOOKMARK [1][-]{section.6.14}{\376\377\0006\000.\0001\0004\000\040\000L\000o\000g\000g\000e\000r\000.\000h\000p\000p\000-\000D\000a\000t\000e\000i\000r\000e\000f\000e\000r\000e\000n\000z}{chapter.6}% 286
\BOOKMARK [1][-]{section.6.15}{\376\377\0006\000.\0001\0005\000\040\000L\000o\000g\000g\000e\000r\000.\000h\000p\000p}{chapter.6}% 287
\BOOKMARK [1][-]{section.6.16}{\376\377\0006\000.\0001\0006\000\040\000m\000a\000i\000n\000.\000c\000p\000p\000-\000D\000a\000t\000e\000i\000r\000e\000f\000e\000r\000e\000n\000z}{chapter.6}% 288
\BOOKMARK [2][-]{subsection.6.16.1}{\376\377\0006\000.\0001\0006\000.\0001\000\040\000D\000o\000k\000u\000m\000e\000n\000t\000a\000t\000i\000o\000n\000\040\000d\000e\000r\000\040\000F\000u\000n\000k\000t\000i\000o\000n\000e\000n}{section.6.16}% 289
\BOOKMARK [3][-]{subsubsection.6.16.1.1}{\376\377\0006\000.\0001\0006\000.\0001\000.\0001\000\040\000l\000o\000o\000p\000\050\000\051}{subsection.6.16.1}% 290
\BOOKMARK [3][-]{subsubsection.6.16.1.2}{\376\377\0006\000.\0001\0006\000.\0001\000.\0002\000\040\000s\000e\000t\000u\000p\000\050\000\051}{subsection.6.16.1}% 291
\BOOKMARK [2][-]{subsection.6.16.2}{\376\377\0006\000.\0001\0006\000.\0002\000\040\000V\000a\000r\000i\000a\000b\000l\000e\000n\000-\000D\000o\000k\000u\000m\000e\000n\000t\000a\000t\000i\000o\000n}{section.6.16}% 292
\BOOKMARK [3][-]{subsubsection.6.16.2.1}{\376\377\0006\000.\0001\0006\000.\0002\000.\0001\000\040\000C\000y\000c\000l\000e\000C\000o\000u\000n\000t}{subsection.6.16.2}% 293
\BOOKMARK [3][-]{subsubsection.6.16.2.2}{\376\377\0006\000.\0001\0006\000.\0002\000.\0002\000\040\000R\000o\000b\000A\000r\000m}{subsection.6.16.2}% 294
\BOOKMARK [1][-]{section.6.17}{\376\377\0006\000.\0001\0007\000\040\000p\000i\000n\000s\000.\000h\000-\000D\000a\000t\000e\000i\000r\000e\000f\000e\000r\000e\000n\000z}{chapter.6}% 295
\BOOKMARK [2][-]{subsection.6.17.1}{\376\377\0006\000.\0001\0007\000.\0001\000\040\000M\000a\000k\000r\000o\000-\000D\000o\000k\000u\000m\000e\000n\000t\000a\000t\000i\000o\000n}{section.6.17}% 296
\BOOKMARK [3][-]{subsubsection.6.17.1.1}{\376\377\0006\000.\0001\0007\000.\0001\000.\0001\000\040\000B\000O\000A\000R\000D\000\137\000I\000N\000F\000O\000\137\000N\000A\000M\000E}{subsection.6.17.1}% 297
\BOOKMARK [3][-]{subsubsection.6.17.1.2}{\376\377\0006\000.\0001\0007\000.\0001\000.\0002\000\040\000E\000N\000C\000\137\000B\000T\000N\000\137\000P\000I\000N}{subsection.6.17.1}% 298
\BOOKMARK [3][-]{subsubsection.6.17.1.3}{\376\377\0006\000.\0001\0007\000.\0001\000.\0003\000\040\000E\000N\000C\000\137\000C\000L\000K\000\137\000P\000I\000N}{subsection.6.17.1}% 299
\BOOKMARK [3][-]{subsubsection.6.17.1.4}{\376\377\0006\000.\0001\0007\000.\0001\000.\0004\000\040\000E\000N\000C\000\137\000D\000I\000R\000\137\000P\000I\000N}{subsection.6.17.1}% 300
\BOOKMARK [3][-]{subsubsection.6.17.1.5}{\376\377\0006\000.\0001\0007\000.\0001\000.\0005\000\040\000E\000N\000C\000\137\000I\000N\000T\000P\000\137\000I\000D}{subsection.6.17.1}% 301
\BOOKMARK [3][-]{subsubsection.6.17.1.6}{\376\377\0006\000.\0001\0007\000.\0001\000.\0006\000\040\000J\000T\0001\000\137\000D\000I\000R\000\137\000P\000I\000N}{subsection.6.17.1}% 302
\BOOKMARK [3][-]{subsubsection.6.17.1.7}{\376\377\0006\000.\0001\0007\000.\0001\000.\0007\000\040\000J\000T\0001\000\137\000E\000N\000A\000\137\000P\000I\000N}{subsection.6.17.1}% 303
\BOOKMARK [3][-]{subsubsection.6.17.1.8}{\376\377\0006\000.\0001\0007\000.\0001\000.\0008\000\040\000J\000T\0001\000\137\000L\000I\000M\000\137\000P\000I\000N}{subsection.6.17.1}% 304
\BOOKMARK [3][-]{subsubsection.6.17.1.9}{\376\377\0006\000.\0001\0007\000.\0001\000.\0009\000\040\000J\000T\0001\000\137\000S\000T\000P\000\137\000P\000I\000N}{subsection.6.17.1}% 305
\BOOKMARK [3][-]{subsubsection.6.17.1.10}{\376\377\0006\000.\0001\0007\000.\0001\000.\0001\0000\000\040\000J\000T\0002\000\137\000D\000I\000R\000\137\000P\000I\000N}{subsection.6.17.1}% 306
\BOOKMARK [3][-]{subsubsection.6.17.1.11}{\376\377\0006\000.\0001\0007\000.\0001\000.\0001\0001\000\040\000J\000T\0002\000\137\000E\000N\000A\000\137\000P\000I\000N}{subsection.6.17.1}% 307
\BOOKMARK [3][-]{subsubsection.6.17.1.12}{\376\377\0006\000.\0001\0007\000.\0001\000.\0001\0002\000\040\000J\000T\0002\000\137\000L\000I\000M\000\137\000P\000I\000N}{subsection.6.17.1}% 308
\BOOKMARK [3][-]{subsubsection.6.17.1.13}{\376\377\0006\000.\0001\0007\000.\0001\000.\0001\0003\000\040\000J\000T\0002\000\137\000S\000T\000P\000\137\000P\000I\000N}{subsection.6.17.1}% 309
\BOOKMARK [3][-]{subsubsection.6.17.1.14}{\376\377\0006\000.\0001\0007\000.\0001\000.\0001\0004\000\040\000J\000T\0003\000\137\000D\000I\000R\000\137\000P\000I\000N}{subsection.6.17.1}% 310
\BOOKMARK [3][-]{subsubsection.6.17.1.15}{\376\377\0006\000.\0001\0007\000.\0001\000.\0001\0005\000\040\000J\000T\0003\000\137\000E\000N\000A\000\137\000P\000I\000N}{subsection.6.17.1}% 311
\BOOKMARK [3][-]{subsubsection.6.17.1.16}{\376\377\0006\000.\0001\0007\000.\0001\000.\0001\0006\000\040\000J\000T\0003\000\137\000L\000I\000M\000\137\000P\000I\000N}{subsection.6.17.1}% 312
\BOOKMARK [3][-]{subsubsection.6.17.1.17}{\376\377\0006\000.\0001\0007\000.\0001\000.\0001\0007\000\040\000J\000T\0003\000\137\000S\000T\000P\000\137\000P\000I\000N}{subsection.6.17.1}% 313
\BOOKMARK [3][-]{subsubsection.6.17.1.18}{\376\377\0006\000.\0001\0007\000.\0001\000.\0001\0008\000\040\000J\000T\0004\000\137\000D\000I\000R\000\137\000P\000I\000N}{subsection.6.17.1}% 314
\BOOKMARK [3][-]{subsubsection.6.17.1.19}{\376\377\0006\000.\0001\0007\000.\0001\000.\0001\0009\000\040\000J\000T\0004\000\137\000E\000N\000A\000\137\000P\000I\000N}{subsection.6.17.1}% 315
\BOOKMARK [3][-]{subsubsection.6.17.1.20}{\376\377\0006\000.\0001\0007\000.\0001\000.\0002\0000\000\040\000J\000T\0004\000\137\000L\000I\000M\000\137\000P\000I\000N}{subsection.6.17.1}% 316
\BOOKMARK [3][-]{subsubsection.6.17.1.21}{\376\377\0006\000.\0001\0007\000.\0001\000.\0002\0001\000\040\000J\000T\0004\000\137\000S\000T\000P\000\137\000P\000I\000N}{subsection.6.17.1}% 317
\BOOKMARK [3][-]{subsubsection.6.17.1.22}{\376\377\0006\000.\0001\0007\000.\0001\000.\0002\0002\000\040\000J\000T\0005\000\137\000D\000I\000R\000\137\000P\000I\000N}{subsection.6.17.1}% 318
\BOOKMARK [3][-]{subsubsection.6.17.1.23}{\376\377\0006\000.\0001\0007\000.\0001\000.\0002\0003\000\040\000J\000T\0005\000\137\000E\000N\000A\000\137\000P\000I\000N}{subsection.6.17.1}% 319
\BOOKMARK [3][-]{subsubsection.6.17.1.24}{\376\377\0006\000.\0001\0007\000.\0001\000.\0002\0004\000\040\000J\000T\0005\000\137\000L\000I\000M\000\137\000P\000I\000N}{subsection.6.17.1}% 320
\BOOKMARK [3][-]{subsubsection.6.17.1.25}{\376\377\0006\000.\0001\0007\000.\0001\000.\0002\0005\000\040\000J\000T\0005\000\137\000S\000T\000P\000\137\000P\000I\000N}{subsection.6.17.1}% 321
\BOOKMARK [3][-]{subsubsection.6.17.1.26}{\376\377\0006\000.\0001\0007\000.\0001\000.\0002\0006\000\040\000J\000T\0006\000\137\000D\000I\000R\000\137\000P\000I\000N}{subsection.6.17.1}% 322
\BOOKMARK [3][-]{subsubsection.6.17.1.27}{\376\377\0006\000.\0001\0007\000.\0001\000.\0002\0007\000\040\000J\000T\0006\000\137\000E\000N\000A\000\137\000P\000I\000N}{subsection.6.17.1}% 323
\BOOKMARK [3][-]{subsubsection.6.17.1.28}{\376\377\0006\000.\0001\0007\000.\0001\000.\0002\0008\000\040\000J\000T\0006\000\137\000L\000I\000M\000\137\000P\000I\000N}{subsection.6.17.1}% 324
\BOOKMARK [3][-]{subsubsection.6.17.1.29}{\376\377\0006\000.\0001\0007\000.\0001\000.\0002\0009\000\040\000J\000T\0006\000\137\000S\000T\000P\000\137\000P\000I\000N}{subsection.6.17.1}% 325
\BOOKMARK [3][-]{subsubsection.6.17.1.30}{\376\377\0006\000.\0001\0007\000.\0001\000.\0003\0000\000\040\000S\000E\000R\000V\000O\0001\000\137\000P\000I\000N}{subsection.6.17.1}% 326
\BOOKMARK [3][-]{subsubsection.6.17.1.31}{\376\377\0006\000.\0001\0007\000.\0001\000.\0003\0001\000\040\000S\000E\000R\000V\000O\0002\000\137\000P\000I\000N}{subsection.6.17.1}% 327
\BOOKMARK [3][-]{subsubsection.6.17.1.32}{\376\377\0006\000.\0001\0007\000.\0001\000.\0003\0002\000\040\000S\000E\000R\000V\000O\0003\000\137\000P\000I\000N}{subsection.6.17.1}% 328
\BOOKMARK [3][-]{subsubsection.6.17.1.33}{\376\377\0006\000.\0001\0007\000.\0001\000.\0003\0003\000\040\000S\000E\000R\000V\000O\0004\000\137\000P\000I\000N}{subsection.6.17.1}% 329
\BOOKMARK [1][-]{section.6.18}{\376\377\0006\000.\0001\0008\000\040\000p\000i\000n\000s\000.\000h}{chapter.6}% 330
\BOOKMARK [1][-]{section.6.19}{\376\377\0006\000.\0001\0009\000\040\000P\000o\000s\000i\000t\000i\000o\000n\000F\000a\000c\000t\000o\000r\000y\000.\000c\000p\000p\000-\000D\000a\000t\000e\000i\000r\000e\000f\000e\000r\000e\000n\000z}{chapter.6}% 331
\BOOKMARK [1][-]{section.6.20}{\376\377\0006\000.\0002\0000\000\040\000P\000o\000s\000i\000t\000i\000o\000n\000F\000a\000c\000t\000o\000r\000y\000.\000h\000p\000p\000-\000D\000a\000t\000e\000i\000r\000e\000f\000e\000r\000e\000n\000z}{chapter.6}% 332
\BOOKMARK [2][-]{subsection.6.20.1}{\376\377\0006\000.\0002\0000\000.\0001\000\040\000M\000a\000k\000r\000o\000-\000D\000o\000k\000u\000m\000e\000n\000t\000a\000t\000i\000o\000n}{section.6.20}% 333
\BOOKMARK [3][-]{subsubsection.6.20.1.1}{\376\377\0006\000.\0002\0000\000.\0001\000.\0001\000\040\000P\000O\000S\000\137\000L\000I\000M\000I\000T}{subsection.6.20.1}% 334
\BOOKMARK [1][-]{section.6.21}{\376\377\0006\000.\0002\0001\000\040\000P\000o\000s\000i\000t\000i\000o\000n\000F\000a\000c\000t\000o\000r\000y\000.\000h\000p\000p}{chapter.6}% 335
\BOOKMARK [1][-]{section.6.22}{\376\377\0006\000.\0002\0002\000\040\000R\000E\000A\000D\000M\000E\000.\000m\000d\000-\000D\000a\000t\000e\000i\000r\000e\000f\000e\000r\000e\000n\000z}{chapter.6}% 336
\BOOKMARK [1][-]{section.6.23}{\376\377\0006\000.\0002\0003\000\040\000R\000o\000b\000F\000r\000a\000m\000e\000W\000o\000r\000k\000.\000c\000p\000p\000-\000D\000a\000t\000e\000i\000r\000e\000f\000e\000r\000e\000n\000z}{chapter.6}% 337
\BOOKMARK [1][-]{section.6.24}{\376\377\0006\000.\0002\0004\000\040\000R\000o\000b\000F\000r\000a\000m\000e\000W\000o\000r\000k\000.\000h\000p\000p\000-\000D\000a\000t\000e\000i\000r\000e\000f\000e\000r\000e\000n\000z}{chapter.6}% 338
\BOOKMARK [1][-]{section.6.25}{\376\377\0006\000.\0002\0005\000\040\000R\000o\000b\000F\000r\000a\000m\000e\000W\000o\000r\000k\000.\000h\000p\000p}{chapter.6}% 339
\BOOKMARK [1][-]{section.6.26}{\376\377\0006\000.\0002\0006\000\040\000T\000y\000p\000e\000s\000.\000h\000p\000p\000-\000D\000a\000t\000e\000i\000r\000e\000f\000e\000r\000e\000n\000z}{chapter.6}% 340
\BOOKMARK [2][-]{subsection.6.26.1}{\376\377\0006\000.\0002\0006\000.\0001\000\040\000M\000a\000k\000r\000o\000-\000D\000o\000k\000u\000m\000e\000n\000t\000a\000t\000i\000o\000n}{section.6.26}% 341
\BOOKMARK [3][-]{subsubsection.6.26.1.1}{\376\377\0006\000.\0002\0006\000.\0001\000.\0001\000\040\000I\000D\000E\000N\000T\000I\000F\000I\000E\000R\000\137\000L\000E\000N}{subsection.6.26.1}% 342
\BOOKMARK [3][-]{subsubsection.6.26.1.2}{\376\377\0006\000.\0002\0006\000.\0001\000.\0002\000\040\000N\000O\000K}{subsection.6.26.1}% 343
\BOOKMARK [3][-]{subsubsection.6.26.1.3}{\376\377\0006\000.\0002\0006\000.\0001\000.\0003\000\040\000O\000F\000F}{subsection.6.26.1}% 344
\BOOKMARK [3][-]{subsubsection.6.26.1.4}{\376\377\0006\000.\0002\0006\000.\0001\000.\0004\000\040\000O\000K}{subsection.6.26.1}% 345
\BOOKMARK [3][-]{subsubsection.6.26.1.5}{\376\377\0006\000.\0002\0006\000.\0001\000.\0005\000\040\000O\000N}{subsection.6.26.1}% 346
\BOOKMARK [2][-]{subsection.6.26.2}{\376\377\0006\000.\0002\0006\000.\0002\000\040\000D\000o\000k\000u\000m\000e\000n\000t\000a\000t\000i\000o\000n\000\040\000d\000e\000r\000\040\000b\000e\000n\000u\000t\000z\000e\000r\000d\000e\000f\000i\000n\000i\000e\000r\000t\000e\000n\000\040\000T\000y\000p\000e\000n}{section.6.26}% 347
\BOOKMARK [3][-]{subsubsection.6.26.2.1}{\376\377\0006\000.\0002\0006\000.\0002\000.\0001\000\040\000b\000y\000t\000e}{subsection.6.26.2}% 348
\BOOKMARK [3][-]{subsubsection.6.26.2.2}{\376\377\0006\000.\0002\0006\000.\0002\000.\0002\000\040\000i\000n\000t\0001\0006}{subsection.6.26.2}% 349
\BOOKMARK [3][-]{subsubsection.6.26.2.3}{\376\377\0006\000.\0002\0006\000.\0002\000.\0003\000\040\000i\000n\000t\0003\0002}{subsection.6.26.2}% 350
\BOOKMARK [3][-]{subsubsection.6.26.2.4}{\376\377\0006\000.\0002\0006\000.\0002\000.\0004\000\040\000i\000n\000t\0006\0004}{subsection.6.26.2}% 351
\BOOKMARK [3][-]{subsubsection.6.26.2.5}{\376\377\0006\000.\0002\0006\000.\0002\000.\0005\000\040\000i\000n\000t\0008}{subsection.6.26.2}% 352
\BOOKMARK [3][-]{subsubsection.6.26.2.6}{\376\377\0006\000.\0002\0006\000.\0002\000.\0006\000\040\000u\000i\000n\000t\0001\0006}{subsection.6.26.2}% 353
\BOOKMARK [3][-]{subsubsection.6.26.2.7}{\376\377\0006\000.\0002\0006\000.\0002\000.\0007\000\040\000u\000i\000n\000t\0003\0002}{subsection.6.26.2}% 354
\BOOKMARK [3][-]{subsubsection.6.26.2.8}{\376\377\0006\000.\0002\0006\000.\0002\000.\0008\000\040\000u\000i\000n\000t\0006\0004}{subsection.6.26.2}% 355
\BOOKMARK [3][-]{subsubsection.6.26.2.9}{\376\377\0006\000.\0002\0006\000.\0002\000.\0009\000\040\000u\000i\000n\000t\0008}{subsection.6.26.2}% 356
\BOOKMARK [3][-]{subsubsection.6.26.2.10}{\376\377\0006\000.\0002\0006\000.\0002\000.\0001\0000\000\040\000w\000o\000r\000d}{subsection.6.26.2}% 357
\BOOKMARK [2][-]{subsection.6.26.3}{\376\377\0006\000.\0002\0006\000.\0003\000\040\000D\000o\000k\000u\000m\000e\000n\000t\000a\000t\000i\000o\000n\000\040\000d\000e\000r\000\040\000A\000u\000f\000z\000\344\000h\000l\000u\000n\000g\000s\000t\000y\000p\000e\000n}{section.6.26}% 358
\BOOKMARK [3][-]{subsubsection.6.26.3.1}{\376\377\0006\000.\0002\0006\000.\0003\000.\0001\000\040\000P\000o\000s\000S\000t\000a\000t\000e}{subsection.6.26.3}% 359
\BOOKMARK [1][-]{section.6.27}{\376\377\0006\000.\0002\0007\000\040\000T\000y\000p\000e\000s\000.\000h\000p\000p}{chapter.6}% 360
\BOOKMARK [1][-]{section.6.28}{\376\377\0006\000.\0002\0008\000\040\000U\000t\000i\000l\000i\000t\000i\000e\000s\000.\000c\000p\000p\000-\000D\000a\000t\000e\000i\000r\000e\000f\000e\000r\000e\000n\000z}{chapter.6}% 361
\BOOKMARK [1][-]{section.6.29}{\376\377\0006\000.\0002\0009\000\040\000U\000t\000i\000l\000i\000t\000i\000e\000s\000.\000h\000p\000p\000-\000D\000a\000t\000e\000i\000r\000e\000f\000e\000r\000e\000n\000z}{chapter.6}% 362
\BOOKMARK [1][-]{section.6.30}{\376\377\0006\000.\0003\0000\000\040\000U\000t\000i\000l\000i\000t\000i\000e\000s\000.\000h\000p\000p}{chapter.6}% 363
